> Task :shared:compileJava UP-TO-DATE
> Task :shared:compileGroovy NO-SOURCE
> Task :shared:processResources NO-SOURCE
> Task :shared:classes UP-TO-DATE
> Task :shared:jar UP-TO-DATE
> Task :lsp-protocol:compileJava UP-TO-DATE
> Task :lsp-protocol:compileGroovy NO-SOURCE
> Task :lsp-protocol:processResources NO-SOURCE
> Task :lsp-protocol:classes UP-TO-DATE
> Task :lsp-protocol:jar UP-TO-DATE
> Task :groovy-core:compileJava UP-TO-DATE
> Task :groovy-core:compileGroovy NO-SOURCE
> Task :groovy-core:processResources NO-SOURCE
> Task :groovy-core:classes UP-TO-DATE
> Task :groovy-core:jar UP-TO-DATE
> Task :codenarc-lint:compileJava UP-TO-DATE
> Task :codenarc-lint:compileGroovy NO-SOURCE
> Task :codenarc-lint:processResources UP-TO-DATE
> Task :codenarc-lint:classes UP-TO-DATE
> Task :codenarc-lint:jar UP-TO-DATE
> Task :codenarc-lint:assemble UP-TO-DATE
> Task :codenarc-lint:compileTestJava UP-TO-DATE
> Task :codenarc-lint:compileTestGroovy NO-SOURCE
> Task :codenarc-lint:processTestResources UP-TO-DATE
> Task :codenarc-lint:testClasses UP-TO-DATE
OpenJDK 64-Bit Server VM warning: Sharing is only supported for boot loader classes because bootstrap classpath has been appended

> Task :codenarc-lint:test FAILED

LintEngineTest > testAnalyzeFile_WithNonExistentFile() FAILED
    java.util.concurrent.ExecutionException at LintEngineTest.java:82
        Caused by: java.lang.ExceptionInInitializerError at InvokerHelper.java:71
            Caused by: groovy.lang.GroovyRuntimeException at MetaClassRegistryImpl.java:524

LintEngineTest > testAnalyzeFile_WithValidGroovyFile() FAILED
    java.util.concurrent.ExecutionException at LintEngineTest.java:68
        Caused by: java.lang.NoClassDefFoundError at LintEngine.java:54
            Caused by: java.lang.ExceptionInInitializerError at InvokerHelper.java:71

LintEngineTest > testAnalyzeDirectory() FAILED
    java.util.concurrent.ExecutionException at LintEngineTest.java:104
        Caused by: java.lang.NoClassDefFoundError at LintEngine.java:105
            Caused by: java.lang.ExceptionInInitializerError at InvokerHelper.java:71

3 tests completed, 3 failed

> Task :formatting:compileJava UP-TO-DATE
> Task :formatting:compileGroovy NO-SOURCE
> Task :formatting:processResources NO-SOURCE
> Task :formatting:classes UP-TO-DATE
> Task :formatting:jar UP-TO-DATE
> Task :formatting:assemble UP-TO-DATE
> Task :formatting:compileTestJava UP-TO-DATE
> Task :formatting:compileTestGroovy NO-SOURCE
> Task :formatting:processTestResources UP-TO-DATE
> Task :formatting:testClasses UP-TO-DATE

> Task :formatting:test FAILED

GroovyFormatterTest > testFormatSimpleClass() FAILED
    java.lang.IllegalAccessError at GroovyFormatterTest.java:38

GroovyFormatterTest > testFormatWithCustomOptions() FAILED
    java.lang.NoClassDefFoundError at GroovyFormatterTest.java:55
        Caused by: java.lang.ExceptionInInitializerError at GroovyFormatterTest.java:38

GroovyFormatterTest > testFormatGroovyGString() FAILED
    java.lang.NoClassDefFoundError at GroovyFormatterTest.java:84
        Caused by: java.lang.ExceptionInInitializerError at GroovyFormatterTest.java:38

GroovyFormatterTest > testFormatTripleQuotedString() FAILED
    java.lang.NoClassDefFoundError at GroovyFormatterTest.java:93
        Caused by: java.lang.ExceptionInInitializerError at GroovyFormatterTest.java:38

GroovyFormatterTest > testFormatGroovyClosure() FAILED
    java.lang.NoClassDefFoundError at GroovyFormatterTest.java:75
        Caused by: java.lang.ExceptionInInitializerError at GroovyFormatterTest.java:38

8 tests completed, 5 failed

> Task :groovy-core:assemble UP-TO-DATE

> Task :groovy-core:compileTestJava FAILED
/home/shuma/workspace/programing/java/groovy-lsp/packages/groovy-core/src/test/java/com/groovy/lsp/groovy/core/GroovyCoreArchitectureTest.java:5: エラー: パッケージcom.tngtech.archunit.junit5は存在しません
import com.tngtech.archunit.junit5.AnalyzeClasses;
                                  ^
/home/shuma/workspace/programing/java/groovy-lsp/packages/groovy-core/src/test/java/com/groovy/lsp/groovy/core/GroovyCoreArchitectureTest.java:6: エラー: パッケージcom.tngtech.archunit.junit5は存在しません
import com.tngtech.archunit.junit5.ArchTest;
                                  ^
/home/shuma/workspace/programing/java/groovy-lsp/packages/groovy-core/src/test/java/com/groovy/lsp/groovy/core/GroovyCoreArchitectureTest.java:16: エラー: シンボルを見つけられません
@AnalyzeClasses(packages = "com.groovy.lsp.groovy.core")
 ^
  シンボル: クラス AnalyzeClasses
/home/shuma/workspace/programing/java/groovy-lsp/packages/groovy-core/src/test/java/com/groovy/lsp/groovy/core/GroovyCoreArchitectureTest.java:22: エラー: シンボルを見つけられません
    @ArchTest
     ^
  シンボル:   クラス ArchTest
  場所: クラス GroovyCoreArchitectureTest
/home/shuma/workspace/programing/java/groovy-lsp/packages/groovy-core/src/test/java/com/groovy/lsp/groovy/core/GroovyCoreArchitectureTest.java:30: エラー: シンボルを見つけられません
    @ArchTest
     ^
  シンボル:   クラス ArchTest
  場所: クラス GroovyCoreArchitectureTest
/home/shuma/workspace/programing/java/groovy-lsp/packages/groovy-core/src/test/java/com/groovy/lsp/groovy/core/GroovyCoreArchitectureTest.java:40: エラー: シンボルを見つけられません
    @ArchTest
     ^
  シンボル:   クラス ArchTest
  場所: クラス GroovyCoreArchitectureTest
/home/shuma/workspace/programing/java/groovy-lsp/packages/groovy-core/src/test/java/com/groovy/lsp/groovy/core/GroovyCoreArchitectureTest.java:47: エラー: シンボルを見つけられません
    @ArchTest
     ^
  シンボル:   クラス ArchTest
  場所: クラス GroovyCoreArchitectureTest
/home/shuma/workspace/programing/java/groovy-lsp/packages/groovy-core/src/test/java/com/groovy/lsp/groovy/core/GroovyCoreArchitectureTest.java:55: エラー: シンボルを見つけられません
    @ArchTest
     ^
  シンボル:   クラス ArchTest
  場所: クラス GroovyCoreArchitectureTest
/home/shuma/workspace/programing/java/groovy-lsp/packages/groovy-core/src/test/java/com/groovy/lsp/groovy/core/GroovyCoreArchitectureTest.java:66: エラー: シンボルを見つけられません
    @ArchTest
     ^
  シンボル:   クラス ArchTest
  場所: クラス GroovyCoreArchitectureTest
/home/shuma/workspace/programing/java/groovy-lsp/packages/groovy-core/src/test/java/com/groovy/lsp/groovy/core/GroovyCoreArchitectureTest.java:51: エラー: シンボルを見つけられません
            .should().directlyDependOnClassesThat()
                     ^
  シンボル:   メソッド directlyDependOnClassesThat()
  場所: インタフェース ClassesShould
エラー10個

> Task :groovy-core:processTestResources NO-SOURCE
> Task :jdt-adapter:compileJava UP-TO-DATE
> Task :jdt-adapter:compileGroovy NO-SOURCE
> Task :jdt-adapter:processResources NO-SOURCE
> Task :jdt-adapter:classes UP-TO-DATE
> Task :jdt-adapter:jar UP-TO-DATE
> Task :jdt-adapter:javadoc UP-TO-DATE
> Task :jdt-adapter:javadocJar UP-TO-DATE
> Task :jdt-adapter:sourcesJar UP-TO-DATE
> Task :jdt-adapter:assemble UP-TO-DATE
> Task :jdt-adapter:compileTestJava NO-SOURCE
> Task :jdt-adapter:compileTestGroovy NO-SOURCE
> Task :jdt-adapter:processTestResources NO-SOURCE
> Task :jdt-adapter:testClasses UP-TO-DATE
> Task :jdt-adapter:test NO-SOURCE
> Task :jdt-adapter:check UP-TO-DATE
> Task :jdt-adapter:build UP-TO-DATE
> Task :lsp-protocol:assemble UP-TO-DATE

> Task :lsp-protocol:compileTestJava FAILED
/home/shuma/workspace/programing/java/groovy-lsp/packages/lsp-protocol/src/test/java/com/groovy/lsp/protocol/LspProtocolArchitectureTest.java:3: エラー: パッケージcom.tngtech.archunit.junit5は存在しません
import com.tngtech.archunit.junit5.AnalyzeClasses;
                                  ^
/home/shuma/workspace/programing/java/groovy-lsp/packages/lsp-protocol/src/test/java/com/groovy/lsp/protocol/LspProtocolArchitectureTest.java:4: エラー: パッケージcom.tngtech.archunit.junit5は存在しません
import com.tngtech.archunit.junit5.ArchTest;
                                  ^
/home/shuma/workspace/programing/java/groovy-lsp/packages/lsp-protocol/src/test/java/com/groovy/lsp/protocol/LspProtocolArchitectureTest.java:14: エラー: シンボルを見つけられません
@AnalyzeClasses(packages = "com.groovy.lsp.protocol")
 ^
  シンボル: クラス AnalyzeClasses
/home/shuma/workspace/programing/java/groovy-lsp/packages/lsp-protocol/src/test/java/com/groovy/lsp/protocol/LspProtocolArchitectureTest.java:20: エラー: シンボルを見つけられません
    @ArchTest
     ^
  シンボル:   クラス ArchTest
  場所: クラス LspProtocolArchitectureTest
/home/shuma/workspace/programing/java/groovy-lsp/packages/lsp-protocol/src/test/java/com/groovy/lsp/protocol/LspProtocolArchitectureTest.java:28: エラー: シンボルを見つけられません
    @ArchTest
     ^
  シンボル:   クラス ArchTest
  場所: クラス LspProtocolArchitectureTest
/home/shuma/workspace/programing/java/groovy-lsp/packages/lsp-protocol/src/test/java/com/groovy/lsp/protocol/LspProtocolArchitectureTest.java:36: エラー: シンボルを見つけられません
    @ArchTest
     ^
  シンボル:   クラス ArchTest
  場所: クラス LspProtocolArchitectureTest
/home/shuma/workspace/programing/java/groovy-lsp/packages/lsp-protocol/src/test/java/com/groovy/lsp/protocol/LspProtocolArchitectureTest.java:45: エラー: シンボルを見つけられません
    @ArchTest
     ^
  シンボル:   クラス ArchTest
  場所: クラス LspProtocolArchitectureTest
/home/shuma/workspace/programing/java/groovy-lsp/packages/lsp-protocol/src/test/java/com/groovy/lsp/protocol/LspProtocolArchitectureTest.java:54: エラー: シンボルを見つけられません
    @ArchTest
     ^
  シンボル:   クラス ArchTest
  場所: クラス LspProtocolArchitectureTest
エラー8個

> Task :lsp-protocol:processTestResources NO-SOURCE
> Task :workspace-index:compileJava UP-TO-DATE
> Task :workspace-index:compileGroovy NO-SOURCE
> Task :workspace-index:processResources NO-SOURCE
> Task :workspace-index:classes UP-TO-DATE
> Task :workspace-index:jar UP-TO-DATE
> Task :server-launcher:compileJava UP-TO-DATE
> Task :server-launcher:compileGroovy UP-TO-DATE
> Task :server-launcher:processResources UP-TO-DATE
> Task :server-launcher:classes UP-TO-DATE
> Task :server-launcher:jar UP-TO-DATE
> Task :server-launcher:startScripts
> Task :server-launcher:distTar
> Task :server-launcher:distZip
> Task :server-launcher:shadowJar
> Task :server-launcher:startShadowScripts
> Task :server-launcher:shadowDistTar
> Task :server-launcher:shadowDistZip
> Task :server-launcher:assemble
> Task :server-launcher:compileTestJava UP-TO-DATE
> Task :server-launcher:compileTestGroovy NO-SOURCE
> Task :server-launcher:processTestResources UP-TO-DATE
> Task :server-launcher:testClasses UP-TO-DATE
> Task :server-launcher:test FAILED
> Task :shared:assemble UP-TO-DATE

> Task :shared:compileTestJava FAILED
/home/shuma/workspace/programing/java/groovy-lsp/packages/shared/src/test/java/com/groovy/lsp/shared/jMoleculesArchitectureTest.java:3: エラー: パッケージcom.tngtech.archunit.junit5は存在しません
import com.tngtech.archunit.junit5.AnalyzeClasses;
                                  ^
/home/shuma/workspace/programing/java/groovy-lsp/packages/shared/src/test/java/com/groovy/lsp/shared/jMoleculesArchitectureTest.java:4: エラー: パッケージcom.tngtech.archunit.junit5は存在しません
import com.tngtech.archunit.junit5.ArchTest;
                                  ^
/home/shuma/workspace/programing/java/groovy-lsp/packages/shared/src/test/java/com/groovy/lsp/shared/jMoleculesArchitectureTest.java:13: エラー: シンボルを見つけられません
@AnalyzeClasses(packages = "com.groovy.lsp")
 ^
  シンボル: クラス AnalyzeClasses
/home/shuma/workspace/programing/java/groovy-lsp/packages/shared/src/test/java/com/groovy/lsp/shared/jMoleculesArchitectureTest.java:16: エラー: シンボルを見つけられません
    @ArchTest
     ^
  シンボル:   クラス ArchTest
  場所: クラス jMoleculesArchitectureTest
/home/shuma/workspace/programing/java/groovy-lsp/packages/shared/src/test/java/com/groovy/lsp/shared/jMoleculesArchitectureTest.java:23: エラー: シンボルを見つけられません
    @ArchTest
     ^
  シンボル:   クラス ArchTest
  場所: クラス jMoleculesArchitectureTest
/home/shuma/workspace/programing/java/groovy-lsp/packages/shared/src/test/java/com/groovy/lsp/shared/jMoleculesArchitectureTest.java:31: エラー: シンボルを見つけられません
    @ArchTest
     ^
  シンボル:   クラス ArchTest
  場所: クラス jMoleculesArchitectureTest
/home/shuma/workspace/programing/java/groovy-lsp/packages/shared/src/test/java/com/groovy/lsp/shared/jMoleculesArchitectureTest.java:38: エラー: シンボルを見つけられません
    @ArchTest
     ^
  シンボル:   クラス ArchTest
  場所: クラス jMoleculesArchitectureTest
/home/shuma/workspace/programing/java/groovy-lsp/packages/shared/src/test/java/com/groovy/lsp/shared/jMoleculesArchitectureTest.java:47: エラー: シンボルを見つけられません
    @ArchTest
     ^
  シンボル:   クラス ArchTest
  場所: クラス jMoleculesArchitectureTest
/home/shuma/workspace/programing/java/groovy-lsp/packages/shared/src/test/java/com/groovy/lsp/shared/jMoleculesArchitectureTest.java:28: エラー: シンボルを見つけられません
            .orShould().haveNoFields()
                       ^
  シンボル:   メソッド haveNoFields()
  場所: インタフェース ClassesShould
/home/shuma/workspace/programing/java/groovy-lsp/packages/shared/src/test/java/com/groovy/lsp/shared/architecture/SharedModuleArchitectureTest.java:51: エラー: シンボルを見つけられません
            .that().resideInPackage("com.groovy.lsp.shared.event")
                   ^
  シンボル:   メソッド resideInPackage(String)
  場所: インタフェース ClassesThat<GivenClassesConjunction>
エラー10個

> Task :shared:processTestResources NO-SOURCE
> Task :workspace-index:assemble UP-TO-DATE

> Task :workspace-index:compileTestJava FAILED
/home/shuma/workspace/programing/java/groovy-lsp/packages/workspace-index/src/test/java/com/groovy/lsp/workspace/WorkspaceIndexerTest.java:13: エラー: パッケージorg.mockitoは存在しません
import static org.mockito.Mockito.*;
                         ^
/home/shuma/workspace/programing/java/groovy-lsp/packages/workspace-index/src/test/java/com/groovy/lsp/workspace/WorkspaceIndexerTest.java:23: エラー: シンボルを見つけられません
    private WorkspaceIndexer indexer;
            ^
  シンボル:   クラス WorkspaceIndexer
  場所: クラス WorkspaceIndexerTest
/home/shuma/workspace/programing/java/groovy-lsp/packages/workspace-index/src/test/java/com/groovy/lsp/workspace/WorkspaceIndexArchitectureTest.java:3: エラー: パッケージcom.tngtech.archunit.junit5は存在しません
import com.tngtech.archunit.junit5.AnalyzeClasses;
                                  ^
/home/shuma/workspace/programing/java/groovy-lsp/packages/workspace-index/src/test/java/com/groovy/lsp/workspace/WorkspaceIndexArchitectureTest.java:4: エラー: パッケージcom.tngtech.archunit.junit5は存在しません
import com.tngtech.archunit.junit5.ArchTest;
                                  ^
/home/shuma/workspace/programing/java/groovy-lsp/packages/workspace-index/src/test/java/com/groovy/lsp/workspace/WorkspaceIndexArchitectureTest.java:14: エラー: シンボルを見つけられません
@AnalyzeClasses(packages = "com.groovy.lsp.workspace")
 ^
  シンボル: クラス AnalyzeClasses
/home/shuma/workspace/programing/java/groovy-lsp/packages/workspace-index/src/test/java/com/groovy/lsp/workspace/WorkspaceIndexArchitectureTest.java:21: エラー: シンボルを見つけられません
    @ArchTest
     ^
  シンボル:   クラス ArchTest
  場所: クラス WorkspaceIndexArchitectureTest
/home/shuma/workspace/programing/java/groovy-lsp/packages/workspace-index/src/test/java/com/groovy/lsp/workspace/WorkspaceIndexArchitectureTest.java:29: エラー: シンボルを見つけられません
    @ArchTest
     ^
  シンボル:   クラス ArchTest
  場所: クラス WorkspaceIndexArchitectureTest
/home/shuma/workspace/programing/java/groovy-lsp/packages/workspace-index/src/test/java/com/groovy/lsp/workspace/WorkspaceIndexArchitectureTest.java:39: エラー: シンボルを見つけられません
    @ArchTest
     ^
  シンボル:   クラス ArchTest
  場所: クラス WorkspaceIndexArchitectureTest
/home/shuma/workspace/programing/java/groovy-lsp/packages/workspace-index/src/test/java/com/groovy/lsp/workspace/WorkspaceIndexArchitectureTest.java:47: エラー: シンボルを見つけられません
    @ArchTest
     ^
  シンボル:   クラス ArchTest
  場所: クラス WorkspaceIndexArchitectureTest
/home/shuma/workspace/programing/java/groovy-lsp/packages/workspace-index/src/test/java/com/groovy/lsp/workspace/WorkspaceIndexArchitectureTest.java:54: エラー: シンボルを見つけられません
    @ArchTest
     ^
  シンボル:   クラス ArchTest
  場所: クラス WorkspaceIndexArchitectureTest
/home/shuma/workspace/programing/java/groovy-lsp/packages/workspace-index/src/test/java/com/groovy/lsp/workspace/WorkspaceIndexArchitectureTest.java:64: エラー: シンボルを見つけられません
    @ArchTest
     ^
  シンボル:   クラス ArchTest
  場所: クラス WorkspaceIndexArchitectureTest
/home/shuma/workspace/programing/java/groovy-lsp/packages/workspace-index/src/test/java/com/groovy/lsp/workspace/WorkspaceIndexArchitectureTest.java:71: エラー: シンボルを見つけられません
    @ArchTest
     ^
  シンボル:   クラス ArchTest
  場所: クラス WorkspaceIndexArchitectureTest
/home/shuma/workspace/programing/java/groovy-lsp/packages/workspace-index/src/test/java/com/groovy/lsp/workspace/WorkspaceIndexerTest.java:27: エラー: シンボルを見つけられません
        indexer = new WorkspaceIndexer(tempDir);
                      ^
  シンボル:   クラス WorkspaceIndexer
  場所: クラス WorkspaceIndexerTest
/home/shuma/workspace/programing/java/groovy-lsp/packages/workspace-index/src/test/java/com/groovy/lsp/workspace/WorkspaceIndexArchitectureTest.java:33: エラー: シンボルを見つけられません
            .and().doNotResideInAPackage(DTO_PACKAGE)
                  ^
  シンボル:   メソッド doNotResideInAPackage(String)
  場所: インタフェース ClassesThat<GivenClassesConjunction>
/home/shuma/workspace/programing/java/groovy-lsp/packages/workspace-index/src/test/java/com/groovy/lsp/workspace/WorkspaceIndexArchitectureTest.java:66: エラー: シンボルを見つけられません
        slices()
        ^
  シンボル:   メソッド slices()
  場所: クラス WorkspaceIndexArchitectureTest
エラー15個

> Task :workspace-index:processTestResources UP-TO-DATE
[Incubating] Problems report is available at: file:///home/shuma/workspace/programing/java/groovy-lsp/build/reports/problems/problems-report.html

FAILURE: Build completed with 7 failures.

1: Task failed with an exception.
-----------
* What went wrong:
Execution failed for task ':codenarc-lint:test'.
> There were failing tests. See the report at: file:///home/shuma/workspace/programing/java/groovy-lsp/packages/codenarc-lint/build/reports/tests/test/index.html

* Try:
> Run with --scan to get full insights.
==============================================================================

2: Task failed with an exception.
-----------
* What went wrong:
Execution failed for task ':formatting:test'.
> There were failing tests. See the report at: file:///home/shuma/workspace/programing/java/groovy-lsp/packages/formatting/build/reports/tests/test/index.html

* Try:
> Run with --scan to get full insights.
==============================================================================

3: Task failed with an exception.
-----------
* What went wrong:
Execution failed for task ':groovy-core:compileTestJava'.
> Compilation failed; see the compiler output below.
  /home/shuma/workspace/programing/java/groovy-lsp/packages/groovy-core/src/test/java/com/groovy/lsp/groovy/core/GroovyCoreArchitectureTest.java:16: エラー: シンボルを見つけられません
  @AnalyzeClasses(packages = "com.groovy.lsp.groovy.core")
   ^
    シンボル: クラス AnalyzeClasses
  /home/shuma/workspace/programing/java/groovy-lsp/packages/groovy-core/src/test/java/com/groovy/lsp/groovy/core/GroovyCoreArchitectureTest.java:5: エラー: パッケージcom.tngtech.archunit.junit5は存在しません
  import com.tngtech.archunit.junit5.AnalyzeClasses;
                                    ^
  /home/shuma/workspace/programing/java/groovy-lsp/packages/groovy-core/src/test/java/com/groovy/lsp/groovy/core/GroovyCoreArchitectureTest.java:6: エラー: パッケージcom.tngtech.archunit.junit5は存在しません
  import com.tngtech.archunit.junit5.ArchTest;
                                    ^
  /home/shuma/workspace/programing/java/groovy-lsp/packages/groovy-core/src/test/java/com/groovy/lsp/groovy/core/GroovyCoreArchitectureTest.java:51: エラー: シンボルを見つけられません
              .should().directlyDependOnClassesThat()
                       ^
    シンボル:   メソッド directlyDependOnClassesThat()
    場所: インタフェース ClassesShould
  /home/shuma/workspace/programing/java/groovy-lsp/packages/groovy-core/src/test/java/com/groovy/lsp/groovy/core/GroovyCoreArchitectureTest.java:22: エラー: シンボルを見つけられません
      @ArchTest
       ^
    シンボル:   クラス ArchTest
    場所: クラス GroovyCoreArchitectureTest
  /home/shuma/workspace/programing/java/groovy-lsp/packages/groovy-core/src/test/java/com/groovy/lsp/groovy/core/GroovyCoreArchitectureTest.java:30: エラー: シンボルを見つけられません
      @ArchTest
       ^
    シンボル:   クラス ArchTest
    場所: クラス GroovyCoreArchitectureTest
  /home/shuma/workspace/programing/java/groovy-lsp/packages/groovy-core/src/test/java/com/groovy/lsp/groovy/core/GroovyCoreArchitectureTest.java:40: エラー: シンボルを見つけられません
      @ArchTest
       ^
    シンボル:   クラス ArchTest
    場所: クラス GroovyCoreArchitectureTest
  /home/shuma/workspace/programing/java/groovy-lsp/packages/groovy-core/src/test/java/com/groovy/lsp/groovy/core/GroovyCoreArchitectureTest.java:47: エラー: シンボルを見つけられません
      @ArchTest
       ^
    シンボル:   クラス ArchTest
    場所: クラス GroovyCoreArchitectureTest
  /home/shuma/workspace/programing/java/groovy-lsp/packages/groovy-core/src/test/java/com/groovy/lsp/groovy/core/GroovyCoreArchitectureTest.java:55: エラー: シンボルを見つけられません
      @ArchTest
       ^
    シンボル:   クラス ArchTest
    場所: クラス GroovyCoreArchitectureTest
  /home/shuma/workspace/programing/java/groovy-lsp/packages/groovy-core/src/test/java/com/groovy/lsp/groovy/core/GroovyCoreArchitectureTest.java:66: エラー: シンボルを見つけられません
      @ArchTest
       ^
    シンボル:   クラス ArchTest
    場所: クラス GroovyCoreArchitectureTest
  エラー10個

* Try:
> Check your code and dependencies to fix the compilation error(s)
> Run with --scan to get full insights.
==============================================================================

4: Task failed with an exception.
-----------
* What went wrong:
Execution failed for task ':lsp-protocol:compileTestJava'.
> Compilation failed; see the compiler output below.
  /home/shuma/workspace/programing/java/groovy-lsp/packages/lsp-protocol/src/test/java/com/groovy/lsp/protocol/LspProtocolArchitectureTest.java:14: エラー: シンボルを見つけられません
  @AnalyzeClasses(packages = "com.groovy.lsp.protocol")
   ^
    シンボル: クラス AnalyzeClasses
  /home/shuma/workspace/programing/java/groovy-lsp/packages/lsp-protocol/src/test/java/com/groovy/lsp/protocol/LspProtocolArchitectureTest.java:3: エラー: パッケージcom.tngtech.archunit.junit5は存在しません
  import com.tngtech.archunit.junit5.AnalyzeClasses;
                                    ^
  /home/shuma/workspace/programing/java/groovy-lsp/packages/lsp-protocol/src/test/java/com/groovy/lsp/protocol/LspProtocolArchitectureTest.java:4: エラー: パッケージcom.tngtech.archunit.junit5は存在しません
  import com.tngtech.archunit.junit5.ArchTest;
                                    ^
  /home/shuma/workspace/programing/java/groovy-lsp/packages/lsp-protocol/src/test/java/com/groovy/lsp/protocol/LspProtocolArchitectureTest.java:20: エラー: シンボルを見つけられません
      @ArchTest
       ^
    シンボル:   クラス ArchTest
    場所: クラス LspProtocolArchitectureTest
  /home/shuma/workspace/programing/java/groovy-lsp/packages/lsp-protocol/src/test/java/com/groovy/lsp/protocol/LspProtocolArchitectureTest.java:28: エラー: シンボルを見つけられません
      @ArchTest
       ^
    シンボル:   クラス ArchTest
    場所: クラス LspProtocolArchitectureTest
  /home/shuma/workspace/programing/java/groovy-lsp/packages/lsp-protocol/src/test/java/com/groovy/lsp/protocol/LspProtocolArchitectureTest.java:36: エラー: シンボルを見つけられません
      @ArchTest
       ^
    シンボル:   クラス ArchTest
    場所: クラス LspProtocolArchitectureTest
  /home/shuma/workspace/programing/java/groovy-lsp/packages/lsp-protocol/src/test/java/com/groovy/lsp/protocol/LspProtocolArchitectureTest.java:45: エラー: シンボルを見つけられません
      @ArchTest
       ^
    シンボル:   クラス ArchTest
    場所: クラス LspProtocolArchitectureTest
  /home/shuma/workspace/programing/java/groovy-lsp/packages/lsp-protocol/src/test/java/com/groovy/lsp/protocol/LspProtocolArchitectureTest.java:54: エラー: シンボルを見つけられません
      @ArchTest
       ^
    シンボル:   クラス ArchTest
    場所: クラス LspProtocolArchitectureTest
  エラー8個

* Try:
> Check your code and dependencies to fix the compilation error(s)
> Run with --scan to get full insights.
==============================================================================

5: Task failed with an exception.
-----------
* What went wrong:
Execution failed for task ':server-launcher:test'.
> Process 'Gradle Test Executor 25' finished with non-zero exit value 1
  This problem might be caused by incorrect test process configuration.
  For more on test execution, please refer to https://docs.gradle.org/8.11.1/userguide/java_testing.html#sec:test_execution in the Gradle documentation.

* Try:
> Run with --stacktrace option to get the stack trace.
> Run with --info or --debug option to get more log output.
> Run with --scan to get full insights.
> Get more help at https://help.gradle.org.
==============================================================================

6: Task failed with an exception.
-----------
* What went wrong:
Execution failed for task ':shared:compileTestJava'.
> Compilation failed; see the compiler output below.
  /home/shuma/workspace/programing/java/groovy-lsp/packages/shared/src/test/java/com/groovy/lsp/shared/jMoleculesArchitectureTest.java:13: エラー: シンボルを見つけられません
  @AnalyzeClasses(packages = "com.groovy.lsp")
   ^
    シンボル: クラス AnalyzeClasses
  /home/shuma/workspace/programing/java/groovy-lsp/packages/shared/src/test/java/com/groovy/lsp/shared/jMoleculesArchitectureTest.java:3: エラー: パッケージcom.tngtech.archunit.junit5は存在しません
  import com.tngtech.archunit.junit5.AnalyzeClasses;
                                    ^
  /home/shuma/workspace/programing/java/groovy-lsp/packages/shared/src/test/java/com/groovy/lsp/shared/jMoleculesArchitectureTest.java:4: エラー: パッケージcom.tngtech.archunit.junit5は存在しません
  import com.tngtech.archunit.junit5.ArchTest;
                                    ^
  /home/shuma/workspace/programing/java/groovy-lsp/packages/shared/src/test/java/com/groovy/lsp/shared/jMoleculesArchitectureTest.java:28: エラー: シンボルを見つけられません
              .orShould().haveNoFields()
                         ^
    シンボル:   メソッド haveNoFields()
    場所: インタフェース ClassesShould
  /home/shuma/workspace/programing/java/groovy-lsp/packages/shared/src/test/java/com/groovy/lsp/shared/architecture/SharedModuleArchitectureTest.java:51: エラー: シンボルを見つけられません
              .that().resideInPackage("com.groovy.lsp.shared.event")
                     ^
    シンボル:   メソッド resideInPackage(String)
    場所: インタフェース ClassesThat<GivenClassesConjunction>
  /home/shuma/workspace/programing/java/groovy-lsp/packages/shared/src/test/java/com/groovy/lsp/shared/jMoleculesArchitectureTest.java:16: エラー: シンボルを見つけられません
      @ArchTest
       ^
    シンボル:   クラス ArchTest
    場所: クラス jMoleculesArchitectureTest
  /home/shuma/workspace/programing/java/groovy-lsp/packages/shared/src/test/java/com/groovy/lsp/shared/jMoleculesArchitectureTest.java:23: エラー: シンボルを見つけられません
      @ArchTest
       ^
    シンボル:   クラス ArchTest
    場所: クラス jMoleculesArchitectureTest
  /home/shuma/workspace/programing/java/groovy-lsp/packages/shared/src/test/java/com/groovy/lsp/shared/jMoleculesArchitectureTest.java:31: エラー: シンボルを見つけられません
      @ArchTest
       ^
    シンボル:   クラス ArchTest
    場所: クラス jMoleculesArchitectureTest
  /home/shuma/workspace/programing/java/groovy-lsp/packages/shared/src/test/java/com/groovy/lsp/shared/jMoleculesArchitectureTest.java:38: エラー: シンボルを見つけられません
      @ArchTest
       ^
    シンボル:   クラス ArchTest
    場所: クラス jMoleculesArchitectureTest
  /home/shuma/workspace/programing/java/groovy-lsp/packages/shared/src/test/java/com/groovy/lsp/shared/jMoleculesArchitectureTest.java:47: エラー: シンボルを見つけられません
      @ArchTest
       ^
    シンボル:   クラス ArchTest
    場所: クラス jMoleculesArchitectureTest
  エラー10個

* Try:
> Check your code and dependencies to fix the compilation error(s)
> Run with --scan to get full insights.
==============================================================================

7: Task failed with an exception.
-----------
* What went wrong:
Execution failed for task ':workspace-index:compileTestJava'.
> Compilation failed; see the compiler output below.
  /home/shuma/workspace/programing/java/groovy-lsp/packages/workspace-index/src/test/java/com/groovy/lsp/workspace/WorkspaceIndexArchitectureTest.java:14: エラー: シンボルを見つけられません
  @AnalyzeClasses(packages = "com.groovy.lsp.workspace")
   ^
    シンボル: クラス AnalyzeClasses
  /home/shuma/workspace/programing/java/groovy-lsp/packages/workspace-index/src/test/java/com/groovy/lsp/workspace/WorkspaceIndexerTest.java:13: エラー: パッケージorg.mockitoは存在しません
  import static org.mockito.Mockito.*;
                           ^
  /home/shuma/workspace/programing/java/groovy-lsp/packages/workspace-index/src/test/java/com/groovy/lsp/workspace/WorkspaceIndexArchitectureTest.java:3: エラー: パッケージcom.tngtech.archunit.junit5は存在しません
  import com.tngtech.archunit.junit5.AnalyzeClasses;
                                    ^
  /home/shuma/workspace/programing/java/groovy-lsp/packages/workspace-index/src/test/java/com/groovy/lsp/workspace/WorkspaceIndexArchitectureTest.java:4: エラー: パッケージcom.tngtech.archunit.junit5は存在しません
  import com.tngtech.archunit.junit5.ArchTest;
                                    ^
  /home/shuma/workspace/programing/java/groovy-lsp/packages/workspace-index/src/test/java/com/groovy/lsp/workspace/WorkspaceIndexArchitectureTest.java:33: エラー: シンボルを見つけられません
              .and().doNotResideInAPackage(DTO_PACKAGE)
                    ^
    シンボル:   メソッド doNotResideInAPackage(String)
    場所: インタフェース ClassesThat<GivenClassesConjunction>
  /home/shuma/workspace/programing/java/groovy-lsp/packages/workspace-index/src/test/java/com/groovy/lsp/workspace/WorkspaceIndexArchitectureTest.java:66: エラー: シンボルを見つけられません
          slices()
          ^
    シンボル:   メソッド slices()
    場所: クラス WorkspaceIndexArchitectureTest
  /home/shuma/workspace/programing/java/groovy-lsp/packages/workspace-index/src/test/java/com/groovy/lsp/workspace/WorkspaceIndexerTest.java:23: エラー: シンボルを見つけられません
      private WorkspaceIndexer indexer;
              ^
    シンボル:   クラス WorkspaceIndexer
    場所: クラス WorkspaceIndexerTest
  /home/shuma/workspace/programing/java/groovy-lsp/packages/workspace-index/src/test/java/com/groovy/lsp/workspace/WorkspaceIndexArchitectureTest.java:21: エラー: シンボルを見つけられません
      @ArchTest
       ^
    シンボル:   クラス ArchTest
    場所: クラス WorkspaceIndexArchitectureTest
  /home/shuma/workspace/programing/java/groovy-lsp/packages/workspace-index/src/test/java/com/groovy/lsp/workspace/WorkspaceIndexArchitectureTest.java:29: エラー: シンボルを見つけられません
      @ArchTest
       ^
    シンボル:   クラス ArchTest
    場所: クラス WorkspaceIndexArchitectureTest
  /home/shuma/workspace/programing/java/groovy-lsp/packages/workspace-index/src/test/java/com/groovy/lsp/workspace/WorkspaceIndexArchitectureTest.java:39: エラー: シンボルを見つけられません
      @ArchTest
       ^
    シンボル:   クラス ArchTest
    場所: クラス WorkspaceIndexArchitectureTest
  /home/shuma/workspace/programing/java/groovy-lsp/packages/workspace-index/src/test/java/com/groovy/lsp/workspace/WorkspaceIndexArchitectureTest.java:47: エラー: シンボルを見つけられません
      @ArchTest
       ^
    シンボル:   クラス ArchTest
    場所: クラス WorkspaceIndexArchitectureTest
  /home/shuma/workspace/programing/java/groovy-lsp/packages/workspace-index/src/test/java/com/groovy/lsp/workspace/WorkspaceIndexArchitectureTest.java:54: エラー: シンボルを見つけられません
      @ArchTest
       ^
    シンボル:   クラス ArchTest
    場所: クラス WorkspaceIndexArchitectureTest
  /home/shuma/workspace/programing/java/groovy-lsp/packages/workspace-index/src/test/java/com/groovy/lsp/workspace/WorkspaceIndexArchitectureTest.java:64: エラー: シンボルを見つけられません
      @ArchTest
       ^
    シンボル:   クラス ArchTest
    場所: クラス WorkspaceIndexArchitectureTest
  /home/shuma/workspace/programing/java/groovy-lsp/packages/workspace-index/src/test/java/com/groovy/lsp/workspace/WorkspaceIndexArchitectureTest.java:71: エラー: シンボルを見つけられません
      @ArchTest
       ^
    シンボル:   クラス ArchTest
    場所: クラス WorkspaceIndexArchitectureTest
  /home/shuma/workspace/programing/java/groovy-lsp/packages/workspace-index/src/test/java/com/groovy/lsp/workspace/WorkspaceIndexerTest.java:27: エラー: シンボルを見つけられません
          indexer = new WorkspaceIndexer(tempDir);
                        ^
    シンボル:   クラス WorkspaceIndexer
    場所: クラス WorkspaceIndexerTest
  エラー15個

* Try:
> Check your code and dependencies to fix the compilation error(s)
> Run with --scan to get full insights.
==============================================================================

Deprecated Gradle features were used in this build, making it incompatible with Gradle 9.0.

You can use '--warning-mode all' to show the individual deprecation warnings and determine if they come from your own scripts or plugins.

For more on this, please refer to https://docs.gradle.org/8.11.1/userguide/command_line_interface.html#sec:command_line_warnings in the Gradle documentation.

BUILD FAILED in 8s
43 actionable tasks: 14 executed, 29 up-to-date
